CREATE EXTENSION daterangex;
SELECT daterangex('2024-01-01' , '2024-06-01', '[]');
      daterangex        
-------------------------
 [01-01-2024,06-01-2024]
(1 row)

